{"run": "run1", "profile": "P1", "metric": "rtt_ms", "target": 400, "median": 419.0, "n_replies": 90, "pass": true, "t": "2026-09-22T11:15:49"}
{"run": "run1", "profile": "P1", "metric": "delivered_bps", "expected": 45585.41266794626, "bps": 46700.04056928994, "lost": 12, "packets": 225, "seconds": 36.488191, "sent_bps": 59999.640002159984, "retries": 0, "retry_errors": [], "pass": true, "t": "2026-09-22T11:16:31"}
{"run": "run1", "profile": "P1", "metric": "loss", "target_pct": 5.0, "measured_pct": 4.564072557050907, "ci95_pct": [3.913932510248213, 5.316231738149494], "bps": 23713.76012149485, "lost": 156, "packets": 3418, "seconds": 70.42932, "sent_bps": 25000.139999504, "retries": 0, "retry_errors": [], "pass": true, "t": "2026-09-22T11:17:45"}
{"run": "run1", "profile": "P2", "metric": "rtt_ms", "target": 200, "median": 203.0, "n_replies": 96, "pass": true, "t": "2026-09-22T11:18:06"}
{"run": "run1", "profile": "P2", "metric": "delivered_bps", "expected": 282149.7120921305, "bps": 286284.059723601, "lost": 29, "packets": 1350, "seconds": 36.914385, "sent_bps": 359998.1520094864, "retries": 0, "retry_errors": [], "pass": true, "t": "2026-09-22T11:18:45"}
{"run": "run1", "profile": "P2", "metric": "loss", "target_pct": 2.0, "measured_pct": 2.138794084186576, "ci95_pct": [1.7510140171522928, 2.610170527433263], "bps": 144813.9577246294, "lost": 94, "packets": 4395, "seconds": 15.20649, "sent_bps": 150013.779796059, "retries": 0, "retry_errors": [], "pass": true, "t": "2026-09-22T11:19:02"}
{"run": "run1", "profile": "P2", "metric": "internet_reachable_control", "reachable": true, "pass": true, "t": "2026-09-22T11:19:04"}
{"run": "run1", "profile": "P3", "metric": "rtt_ms", "target": 700, "median": 701.0, "n_replies": 99, "pass": true, "t": "2026-09-22T11:19:26"}
{"run": "run1", "profile": "P3", "metric": "delivered_bps", "expected": 950095.9692898273, "bps": 941890.5671380482, "lost": 39, "packets": 4500, "seconds": 37.889752, "sent_bps": 1199990.1600806874, "retries": 0, "retry_errors": [], "pass": true, "t": "2026-09-22T11:20:08"}
{"run": "run1", "profile": "P3", "metric": "loss", "target_pct": 1.0, "measured_pct": 1.010376843255052, "ci95_pct": [0.8607757790838335, 1.1856673110462153], "bps": 472815.918764315, "lost": 148, "packets": 14648, "seconds": 15.701671, "sent_bps": 499974.53386981983, "retries": 0, "retry_errors": [], "pass": true, "t": "2026-09-22T11:20:29"}
{"run": "run1", "profile": "P4", "metric": "rtt_ms", "target": 250, "median": 254.0, "n_replies": 97, "pass": true, "t": "2026-09-22T11:20:49"}
{"run": "run1", "profile": "P4", "metric": "delivered_bps", "expected": 282149.7120921305, "bps": 285904.1769494397, "lost": 25, "packets": 1350, "seconds": 37.075359, "sent_bps": 359998.11600985954, "retries": 0, "retry_errors": [], "pass": true, "t": "2026-09-22T11:21:31"}
{"run": "run1", "profile": "P4", "metric": "loss", "target_pct": 2.0, "measured_pct": 2.29806598407281, "ci95_pct": [1.89495742003681, 2.7844927333853993], "bps": 144103.40442824745, "lost": 101, "packets": 4395, "seconds": 15.2566, "sent_bps": 150012.64971748964, "retries": 0, "retry_errors": [], "pass": true, "t": "2026-09-22T11:21:49"}
{"run": "run1", "profile": "P4", "metric": "duty_cycle", "up_windows_s": [29.7, 29.5, 4.6], "down_gaps_s": [60.3, 60.5], "judged_up": [29.5], "pass": true, "t": "2026-09-22T11:24:54"}
{"run": "run1", "profile": "P5", "metric": "rtt_ms", "target": 5, "median": 5.3, "n_replies": 100, "pass": true, "t": "2026-09-22T11:25:14"}
{"run": "run1", "profile": "P5", "metric": "delivered_bps", "expected": 9596928.982725527, "bps": 9595171.358375875, "lost": 8016, "packets": 44999, "seconds": 30.834676, "sent_bps": 11999669.335096879, "retries": 0, "retry_errors": [], "pass": true, "t": "2026-09-22T11:25:46"}
{"run": "run1", "profile": "P5", "metric": "loss", "target_pct": 0.0, "measured_pct": 0.0, "ci95_pct": [0.0, 0.002622613431335114], "bps": 4997939.198525963, "lost": 0, "packets": 146476, "seconds": 15.005327, "sent_bps": 4999667.803078358, "retries": 0, "retry_errors": [], "pass": true, "t": "2026-09-22T11:26:02"}
{"run": "run1", "profile": "P5", "metric": "no_internet", "reachable": false, "pass": true, "t": "2026-09-22T11:26:02"}
Traceback (most recent call last):
  File "/home/grey/dev/fhir/tremulator/lab/network/validate.py", line 217, in <module>
    u = iperf_udp(srv_ip(), 100000, 64, 5)
        ^^^^^^^^^^^^^^^^^^^^^^^^^^^^^^^^^^
  File "/home/grey/dev/fhir/tremulator/lab/network/validate.py", line 132, in iperf_udp
    r = dx(CLI, "iperf3", "-c", ip, "-u", "-b", str(int(rate_bps)), "-l", str(length),
        ^^^^^^^^^^^^^^^^^^^^^^^^^^^^^^^^^^^^^^^^^^^^^^^^^^^^^^^^^^^^^^^^^^^^^^^^^^^^^^
  File "/home/grey/dev/fhir/tremulator/lab/network/validate.py", line 55, in dx
    return sh(["docker", "exec", c, *args], timeout=timeout)
           ^^^^^^^^^^^^^^^^^^^^^^^^^^^^^^^^^^^^^^^^^^^^^^^^^
  File "/home/grey/dev/fhir/tremulator/lab/network/validate.py", line 49, in sh
    r = subprocess.run(cmd, capture_output=True, text=True, timeout=timeout)
        ^^^^^^^^^^^^^^^^^^^^^^^^^^^^^^^^^^^^^^^^^^^^^^^^^^^^^^^^^^^^^^^^^^^^
  File "/usr/lib/python3.12/subprocess.py", line 550, in run
    stdout, stderr = process.communicate(input, timeout=timeout)
                     ^^^^^^^^^^^^^^^^^^^^^^^^^^^^^^^^^^^^^^^^^^^
  File "/usr/lib/python3.12/subprocess.py", line 1209, in communicate
    stdout, stderr = self._communicate(input, endtime, timeout)
                     ^^^^^^^^^^^^^^^^^^^^^^^^^^^^^^^^^^^^^^^^^^
  File "/usr/lib/python3.12/subprocess.py", line 2116, in _communicate
    self._check_timeout(endtime, orig_timeout, stdout, stderr)
  File "/usr/lib/python3.12/subprocess.py", line 1253, in _check_timeout
    raise TimeoutExpired(
subprocess.TimeoutExpired: Command '['docker', 'exec', 'tlab-cli', 'iperf3', '-c', '172.18.0.2', '-u', '-b', '100000', '-l', '64', '-t', '5', '-J']' timed out after 125 seconds
