{"run": "run3", "t": "2026-10-06T23:31:26", "event": "start", "profiles": ["P1", "P2", "P3", "P4", "P5", "P0"], "messages": 20, "interval_ms": 1000}
{"run": "run3", "t": "2026-10-06T23:33:46", "profile": "P1", "sent": 20, "delivered": 20, "one_way_median_ms": 26101, "one_way_max_ms": 48654, "send_failed": 0, "open_failed": 0, "joined": 1, "out_of_step": 0, "undecryptable": 0, "collect_failed": 0, "bob_listen_mode": "wake-up", "alice_exit": 0, "alice_wall_s": 104.6, "bob_exit": "0", "canary_scan_exit": 0, "canary_hits": 0}
{"run": "run3", "t": "2026-10-06T23:34:53", "profile": "P2", "sent": 20, "delivered": 0, "one_way_median_ms": null, "one_way_max_ms": null, "send_failed": 0, "open_failed": 0, "joined": 0, "out_of_step": 0, "undecryptable": 2, "collect_failed": 0, "bob_listen_mode": "wake-up", "alice_exit": 0, "alice_wall_s": 58.6, "bob_exit": "255", "canary_scan_exit": 0, "canary_hits": 0}
{"run": "run3", "t": "2026-10-06T23:36:29", "profile": "P3", "sent": 20, "delivered": 0, "one_way_median_ms": null, "one_way_max_ms": null, "send_failed": 0, "open_failed": 0, "joined": 0, "out_of_step": 0, "undecryptable": 20, "collect_failed": 0, "bob_listen_mode": "wake-up", "alice_exit": 0, "alice_wall_s": 87.2, "bob_exit": "255", "canary_scan_exit": 0, "canary_hits": 0}
{"run": "run3", "t": "2026-10-06T23:36:55", "event": "end"}
Traceback (most recent call last):
  File "/home/grey/dev/fhir/tremulator/lab/gate2/run.py", line 270, in <module>
    med = lat[len(lat) // 2] if lat else None
                ^^^^^^^^^^^^^^^^^^^^^^^^^^^^^^
  File "/home/grey/dev/fhir/tremulator/lab/gate2/run.py", line 206, in run_profile
    clear_shaping((srv, alice, bob))
        ^^^^^^^^^^^^^^^^^^^^^^^^^^^^
  File "/home/grey/dev/fhir/tremulator/lab/gate2/run.py", line 82, in dx
    return sh(["docker", "exec", *u, c, *args], timeout=timeout)
           ^^^^^^^^^^^^^^^^^^^^^^^^^^^^^^^^^^^^^^^^^^^^^^^^^^^^^
  File "/home/grey/dev/fhir/tremulator/lab/gate2/run.py", line 74, in sh
    r = subprocess.run(cmd, capture_output=True, text=True, timeout=timeout, **kw)
        ^^^^^^^^^^^^^^^^^^^^^^^^^^^^^^^^^^^^^^^^^^^^^^^^^^^^^^^^^^^^^^^^^^^^^^^^^^
  File "/usr/lib/python3.12/subprocess.py", line 550, in run
    stdout, stderr = process.communicate(input, timeout=timeout)
                     ^^^^^^^^^^^^^^^^^^^^^^^^^^^^^^^^^^^^^^^^^^^
  File "/usr/lib/python3.12/subprocess.py", line 1209, in communicate
    stdout, stderr = self._communicate(input, endtime, timeout)
                     ^^^^^^^^^^^^^^^^^^^^^^^^^^^^^^^^^^^^^^^^^^
  File "/usr/lib/python3.12/subprocess.py", line 2115, in _communicate
    ready = selector.select(timeout)
            ^^^^^^^^^^^^^^^^^^^^^^^^
  File "/usr/lib/python3.12/selectors.py", line 415, in select
    fd_event_list = self._selector.poll(timeout)
                    ^^^^^^^^^^^^^^^^^^^^^^^^^^^^
KeyboardInterrupt
