  1 af Afghanistan                    No information available
  2 al Albania                        Some restrictions
  3 dz Algeria                        Minimal restrictions
  4 ad Andorra                        No information available
  5 ag Antigua and Barbuda            Some restrictions
  6 ar Argentina                      No information available
  7 ao Angola                         Some restrictions
  8 am Armenia                        No information available
  9 au Australia                      Some restrictions
 10 at Austria                        No information available
 11 az Azerbaijan                     No information available
 12 bs Bahamas                        Minimal restrictions
 13 bh Bahrain                        Minimal restrictions
 14 bd Bangladesh                     Minimal restrictions
 15 bb Barbados                       Some restrictions
 16 by Belarus                        Some restrictions
 17 be Belgium                        Some restrictions
 18 bz Belize                         No information available
 19 bj Benin                          No information available
 20 bt Bhutan                         No information available
 21 bo Bolivia                        No information available
 22 ba Bosnia and Herzegovina         No information available
 23 bw Botswana                       No information available
 24 br Brazil                         Some restrictions
 25 bn Brunei                         Some restrictions
 26 bg Bulgaria                       No information available
 27 bf Burkina Faso                   No information available
 28 bi Burundi                        No information available
 29 kh Cambodia                       No information available
 30 cm Cameroon                       Some restrictions
 31 ca Canada                         Minimal restrictions
 32 cv Cape Verde                     Some restrictions
 33 cf Central African Republic       No information available
 34 td Chad                           No information available
 35 cl Chile                          No information available
 36 cn China                          Widespread restrictions
 37 co Colombia                       Widespread restrictions
 38 km Comoros                        No information available
 39 cr Costa Rica                     No information available
 40 ci Cote d'Ivoire                  No information available
 41 hr Croatia                        Minimal restrictions
 42 cu Cuba                           Widespread restrictions
 43 cy Cyprus                         No information available
 44 cz Czech Republic                 Some restrictions
 45 cd Democratic Republic of the Con No information available
 46 dk Denmark                        Some restrictions
 47 dj Djibouti                       No information available
 48 dm Dominica                       No information available
 49 do Dominican Republic             No information available
 50 ec Ecuador                        Minimal restrictions
 51 eg Egypt                          Widespread restrictions
 52 sv El Salvador                    Minimal restrictions
 53 gq Equatorial Guinea              No information available
 54 er Eritrea                        No information available
 55 ee Estonia                        Minimal restrictions
 56 et Ethiopia                       Some restrictions
 57 fj Fiji                           Some restrictions
 58 fi Finland                        Some restrictions
 59 fr France                         Some restrictions
 60 ga Gabon                          No information available
 61 gm Gambia                         No information available
 62 ge Georgia                        No information available
 63 de Germany                        Some restrictions
 64 gh Ghana                          Some restrictions
 65 gr Greece                         Some restrictions
 66 gd Grenada                        Some restrictions
 67 gt Guatemala                      No information available
 68 gw Guinea-Bissau                  No information available
 69 gn Guinea                         No information available
 70 gy Guyana                         Some restrictions
 71 ht Haiti                          No information available
 72 hn Honduras                       No information available
 73 hu Hungary                        No information available
 74 is Iceland                        No information available
 75 in India                          Widespread restrictions
 76 id Indonesia                      No information available
 77 ir Iran                           Widespread restrictions
 78 iq Iraq                           No information available
 79 ie Ireland                        Minimal restrictions
 80 il Israel                         Some restrictions
 81 it Italy                          No information available
 82 jm Jamaica                        Minimal restrictions
 83 jp Japan                          Some restrictions
 84 jo Jordan                         No information available
 85 kz Kazakhstan                     Widespread restrictions
 86 ke Kenya                          No information available
 87 ki Kiribati                       Some restrictions
 88 kw Kuwait                         No information available
 89 kg Kyrgyzstan                     No information available
 90 la Laos                           No information available
 91 lv Latvia                         No information available
 92 lb Lebanon                        Some restrictions
 93 ls Lesotho                        No information available
 94 lr Liberia                        Some restrictions
 95 ly Libya                          No information available
 96 li Liechtenstein                  No information available
 97 lt Lithuania                      No information available
 98 lu Luxembourg                     Some restrictions
 99 mk Macedonia                      No information available
100 mg Madagascar                     No information available
101 mw Malawi                         Some restrictions
102 my Malaysia                       Some restrictions
103 mv Maldives                       No information available
104 ml Mali                           No information available
105 mt Malta                          Some restrictions
106 mh Marshall Islands               No information available
107 mr Mauritania                     No information available
108 mu Mauritius                      Some restrictions
109 mx Mexico                         No information available
110 fm Micronesia                     No information available
111 md Moldova                        No information available
112 mc Monaco                         Some restrictions
113 mn Mongolia                       No information available
114 me Montenegro                     Widespread restrictions
115 ma Morocco                        Widespread restrictions
116 mz Mozambique                     Minimal restrictions
117 mm Myanmar                        Minimal restrictions
118 na Namibia                        No information available
119 nr Nauru                          No information available
120 np Nepal                          No information available
121 nl Netherlands                    Some restrictions
122 nz New Zealand                    Some restrictions
123 ni Nicaragua                      No information available
124 ne Niger                          No information available
125 ng Nigeria                        Some restrictions
126 kp North Korea                    No information available
127 no Norway                         No information available
128 om Oman                           Some restrictions
129 pk Pakistan                       Widespread restrictions
130 pw Palau                          No information available
131 ps Palestine                      No information available
132 pa Panama                         No information available
133 pg Papua New Guinea               Some restrictions
134 py Paraguay                       No information available
135 pe Peru                           No information available
136 ph Philippines                    Minimal restrictions
137 pl Poland                         No information available
138 pt Portugal                       No information available
139 qa Qatar                          No information available
140 cg Republic of the Congo          No information available
141 ro Romania                        No information available
142 ru Russia                         Widespread restrictions
143 rw Rwanda                         Some restrictions
144 kn Saint Kitts and Nevis          No information available
145 lc Saint Lucia                    Minimal restrictions
146 vc Saint Vincent and the Grenadin Some restrictions
147 ws Samoa                          Some restrictions
148 sm San Marino                     No information available
149 st São Tomé and Príncipe          Minimal restrictions
150 sa Saudi Arabia                   No information available
151 sn Senegal                        Some restrictions
152 rs Serbia                         No information available
153 sc Seychelles                     Some restrictions
154 sl Sierra Leone                   No information available
155 sg Singapore                      Some restrictions
156 sk Slovakia                       No information available
157 si Slovenia                       No information available
158 sb Solomon Islands                Minimal restrictions
159 so Somalia                        No information available
160 za South Africa                   Some restrictions
161 kr South Korea                    No information available
162 ss South Sudan                    No information available
163 es Spain                          No information available
164 lk Sri Lanka                      No information available
165 sd Sudan                          No information available
166 sr Suriname                       No information available
167 sz Swaziland                      No information available
168 se Sweden                         No information available
169 ch Switzerland                    Some restrictions
170 sy Syria                          Widespread restrictions
171 tw Taiwan                         Some restrictions
172 tj Tajikistan                     No information available
173 tz Tanzania                       Some restrictions
174 th Thailand                       Some restrictions
175 tl Timor-Leste                    No information available
176 tg Togo                           No information available
177 to Tonga                          Some restrictions
178 tt Trinidad and Tobago            Some restrictions
179 tn Tunisia                        Some restrictions
180 tr Turkey                         No information available
181 tm Turkmenistan                   No information available
182 tv Tuvalu                         Some restrictions
183 ug Uganda                         Some restrictions
184 ua Ukraine                        No information available
185 ae United Arab Emirates           Some restrictions
186 gb United Kingdom                 Some restrictions
187 us United States of America       Minimal restrictions
188 uy Uruguay                        No information available
189 uz Uzbekistan                     No information available
190 vu Vanuatu                        Minimal restrictions
191 va Vatican City                   No information available
192 ve Venezuela                      No information available
193 vn Vietnam                        Widespread restrictions
194 ye Yemen                          No information available
195 zm Zambia                         Some restrictions
196 zw Zimbabwe                       Some restrictions
rows written: 196; selector countries: 196
