jurisdictions: 164; already done: 0
  1/164 AL     Albania                            http=200 sections=13 Last modified 28 January 2025
  2/164 DZ     Algeria                            http=200 sections=13 Last modified 20 March 2026
  3/164 AO     Angola                             http=200 sections=13 Last modified 30 December 2021
  4/164 AR     Argentina                          http=200 sections=13 Last modified 28 January 2025
  5/164 AM     Armenia                            http=200 sections=13 Last modified 20 January 2025
  6/164 AW     Aruba                              http=200 sections=13 Last modified 10 February 2025
  7/164 AU     Australia                          http=200 sections=13 Last modified 11 March 2026
  8/164 AT     Austria                            http=200 sections=13 Last modified 20 January 2025
  9/164 AZ     Azerbaijan                         http=200 sections=13 Last modified 15 February 2022
 10/164 BS     Bahamas                            http=200 sections=13 Last modified 28 January 2025
 11/164 BH     Bahrain                            http=200 sections=13 Last modified 2 February 2026
 12/164 BD     Bangladesh                         http=200 sections=13 Last modified 3 January 2024
 13/164 BB     Barbados                           http=200 sections=13 Last modified 28 January 2024
 14/164 BY     Belarus                            http=200 sections=13 Last modified 13 February 2026
 15/164 BE     Belgium                            http=200 sections=13 Last modified 13 February 2026
 16/164 BJ     Benin                              http=200 sections=13 Last modified 20 January 2025
 17/164 BM     Bermuda                            http=200 sections=13 Last modified 28 January 2024
 18/164 BO     Bolivia                            http=200 sections=13 Last modified 4 February 2026
 19/164 BQ     Bonaire, Sint Eustatius and Saba   http=200 sections=13 Last modified 10 February 2025
 20/164 BA     Bosnia and Herzegovina             http=200 sections=13 Last modified 13 February 2026
 21/164 BW     Botswana                           http=200 sections=13 Last modified 18 March 2026
 22/164 BR     Brazil                             http=200 sections=13 Last modified 30 March 2026
 23/164 VG     British Virgin Islands             http=200 sections=13 Last modified 28 January 2025
 24/164 BN     Brunei                             http=200 sections=13 Last modified 18 March 2026
 25/164 BG     Bulgaria                           http=200 sections=13 Last modified 12 February 2026
 26/164 BF     Burkina Faso                       http=200 sections=13 Last modified 20 January 2025
 27/164 BI     Burundi                            http=200 sections=13 Last modified 17 January 2024
 28/164 KH     Cambodia                           http=200 sections=13 Last modified 13 February 2026
 29/164 CM     Cameroon                           http=200 sections=13 Last modified 19 March 2026
 30/164 CA     Canada                             http=200 sections=13 Last modified 26 January 2023
 31/164 CV     Cape Verde                         http=200 sections=13 Last modified 16 January 2025
 32/164 KY     Cayman Islands                     http=200 sections=13 Last modified 28 January 2025
 33/164 TD     Chad                               http=200 sections=13 Last modified 19 March 2026
 34/164 CL     Chile                              http=200 sections=13 Last modified 5 February 2026
 35/164 CN     China                              http=200 sections=13 Last modified 13 February 2026
 36/164 CO     Colombia                           http=200 sections=13 Last modified 13 February 2026
 37/164 CI     Côte d’Ivoire                      http=200 sections=13 Last modified 6 January 2025
 38/164 CR     Costa Rica                         http=200 sections=13 Last modified 9 February 2026
 39/164 HR     Croatia                            http=200 sections=13 Last modified 10 February 2026
 40/164 CU     Cuba                               http=200 sections=13 Last modified 16 February 2022
 41/164 CW     Curaçao                            http=200 sections=13 Last modified 10 February 2025
 42/164 CY     Cyprus                             http=200 sections=13 Last modified 12 March 2026
 43/164 CZ     Czech Republic                     http=200 sections=13 Last modified 16 January 2024
 44/164 CD     Democratic Republic of Congo       http=200 sections=13 Last modified 4 February 2026
 45/164 DK     Denmark                            http=200 sections=13 Last modified 16 January 2025
 46/164 DO     Dominican Republic                 http=200 sections=13 Last modified 28 January 2025
 47/164 EC     Ecuador                            http=200 sections=13 Last modified 10 February 2026
 48/164 EG     Egypt                              http=200 sections=13 Last modified 13 February 2026
 49/164 SV     El Salvador                        http=200 sections=13 Last modified 28 January 2024
 50/164 GQ     Equatorial Guinea                  http=200 sections=13 Last modified 6 March 2025
 51/164 EE     Estonia                            http=200 sections=13 Last modified 19 February 2026
 52/164 ET     Ethiopia                           http=200 sections=13 Last modified 23 March 2026
 53/164 FM     Federated States of Micronesia     http=200 sections=13 Last modified 2 February 2026
 54/164 FJ     Fiji                               http=200 sections=13 Last modified 19 March 2026
 55/164 FI     Finland                            http=200 sections=13 Last modified 13 February 2026
 56/164 FR     France                             http=200 sections=13 Last modified 23 February 2026
 57/164 GA     Gabon                              http=200 sections=13 Last modified 6 January 2025
 58/164 GE     Georgia                            http=200 sections=13 Last modified 13 March 2026
 59/164 DE     Germany                            http=200 sections=13 Last modified 16 February 2026
 60/164 GH     Ghana                              http=200 sections=13 Last modified 18 March 2026
 61/164 GI     Gibraltar                          http=200 sections=13 Last modified 19 January 2024
 62/164 GR     Greece                             http=200 sections=13 Last modified 16 January 2025
 63/164 GT     Guatemala                          http=200 sections=13 Last modified 21 December 2021
 64/164 GG     Guernsey                           http=200 sections=13 Last modified 28 February 2026
 65/164 GN     Guinea                             http=200 sections=13 Last modified 20 December 2021
 66/164 HT     Haiti                              http=200 sections=13 Last modified 16 January 2025
 67/164 HN     Honduras                           http=200 sections=13 Last modified 10 February 2025
 68/164 HK     Hong Kong, SAR                     http=200 sections=13 Last modified 8 March 2026
 69/164 HU     Hungary                            http=200 sections=13 Last modified 13 March 2026
 70/164 IS     Iceland                            http=200 sections=13 Last modified 16 January 2025
 71/164 IN     India                              http=200 sections=13 Last modified 13 February 2026
 72/164 ID     Indonesia                          http=200 sections=13 Last modified 13 February 2026
 73/164 IR     Iran                               http=200 sections=13 Last modified 23 May 2019
 74/164 IE     Ireland                            http=200 sections=13 Last modified 17 January 2025
 75/164 IL     Israel                             http=200 sections=13 Last modified 25 December 2024
 76/164 IT     Italy                              http=200 sections=13 Last modified 16 January 2025
 77/164 JP     Japan                              http=200 sections=13 Last modified 12 February 2026
 78/164 JE     Jersey                             http=200 sections=13 Last modified 16 January 2025
 79/164 JO     Jordan                             http=200 sections=13 Last modified 8 February 2026
 80/164 KZ     Kazakhstan                         http=200 sections=13 Last modified 13 February 2026
 81/164 KE     Kenya                              http=200 sections=13 Last modified 23 March 2026
 82/164 XK     Kosovo                             http=200 sections=13 Last modified 4 February 2025
 83/164 KW     Kuwait                             http=200 sections=13 Last modified 4 February 2025
 84/164 KG     Kyrgyzstan                         http=200 sections=13 Last modified 4 February 2025
 85/164 LA     Laos                               http=200 sections=13 Last modified 27 March 2026
 86/164 LV     Latvia                             http=200 sections=13 Last modified 4 February 2025
 87/164 LB     Lebanon                            http=200 sections=13 Last modified 21 December 2022
 88/164 LS     Lesotho                            http=200 sections=13 Last modified 16 March 2026
 89/164 LR     Liberia                            http=200 sections=13 Last modified 23 February 2024
 90/164 LY     Libya                              http=200 sections=13 Last modified 18 January 2024
 91/164 LT     Lithuania                          http=200 sections=13 Last modified 3 February 2025
 92/164 LU     Luxembourg                         http=200 sections=13 Last modified 4 February 2025
 93/164 MO     Macau SAR                          http=200 sections=13 Last modified 4 February 2026
 94/164 MG     Madagascar                         http=200 sections=13 Last modified 4 February 2025
 95/164 MY     Malaysia                           http=200 sections=13 Last modified 12 February 2026
 96/164 MT     Malta                              http=200 sections=13 Last modified 12 February 2026
 97/164 MU     Mauritius                          http=200 sections=13 Last modified 16 March 2026
 98/164 MX     Mexico                             http=200 sections=13 Last modified 28 January 2024
 99/164 MD     Moldova                            http=200 sections=13 Last modified 13 February 2026
100/164 MC     Monaco                             http=200 sections=13 Last modified 6 February 2025
101/164 MN     Mongolia                           http=200 sections=13 Last modified 20 March 2026
102/164 ME     Montenegro                         http=200 sections=13 Last modified 13 February 2026
103/164 MA     Morocco                            http=200 sections=13 Last modified 20 March 2026
104/164 MZ     Mozambique                         http=200 sections=13 Last modified 17 February 2026
105/164 MM     Myanmar                            http=200 sections=13 Last modified 11 February 2026
106/164 NA     Namibia                            http=200 sections=13 Last modified 20 March 2026
107/164 NP     Nepal                              http=200 sections=13 Last modified 20 March 2026
108/164 NL     Netherlands                        http=200 sections=13 Last modified 18 January 2024
109/164 NZ     New Zealand                        http=200 sections=13 Last modified 13 February 2026
110/164 NI     Nicaragua                          http=200 sections=13 Last modified 28 January 2024
111/164 NE     Niger                              http=200 sections=13 Last modified 6 January 2025
112/164 NG     Nigeria                            http=200 sections=13 Last modified 17 March 2026
113/164 MK     North Macedonia                    http=200 sections=13 Last modified 9 February 2026
114/164 NO     Norway                             http=200 sections=13 Last modified 16 January 2025
115/164 PK     Pakistan                           http=200 sections=13 Last modified 17 March 2026
116/164 PA     Panama                             http=200 sections=13 Last modified 12 February 2026
117/164 PY     Paraguay                           http=200 sections=13 Last modified 30 March 2026
118/164 PE     Peru                               http=200 sections=13 Last modified 10 February 2026
119/164 PH     Philippines                        http=200 sections=13 Last modified 16 March 2026
120/164 PL     Poland                             http=200 sections=13 Last modified 16 February 2026
121/164 PT     Portugal                           http=200 sections=13 Last modified 12 February 2026
122/164 QA     Qatar                              http=200 sections=13 Last modified 17 January 2024
123/164 QA2    Qatar - Financial Centre           http=200 sections=13 Last modified 17 January 2024
124/164 CG     Republic of Congo                  http=200 sections=13 Last modified 4 February 2026
125/164 RO     Romania                            http=200 sections=13 Last modified 6 January 2025
126/164 RU     Russia                             http=200 sections=13 Last modified 6 January 2025
127/164 RW     Rwanda                             http=200 sections=13 Last modified 6 January 2025
128/164 SA     Saudi Arabia                       http=200 sections=13 Last modified 11 February 2026
129/164 SN     Senegal                            http=200 sections=13 Last modified 19 March 2026
130/164 RS     Serbia                             http=200 sections=13 Last modified 13 February 2026
131/164 SC     Seychelles                         http=200 sections=13 Last modified 16 March 2026
132/164 SG     Singapore                          http=200 sections=13 Last modified 27 February 2026
133/164 SX     Sint Maarten                       http=200 sections=13 Last modified 10 February 2025
134/164 SK     Slovak Republic                    http=200 sections=13 Last modified 6 January 2025
135/164 SI     Slovenia                           http=200 sections=13 Last modified 10 February 2026
136/164 ZA     South Africa                       http=200 sections=13 Last modified 16 February 2026
137/164 KR     South Korea                        http=200 sections=13 Last modified 20 March 2026
138/164 ES     Spain                              http=200 sections=13 Last modified 6 January 2025
139/164 LK     Sri Lanka                          http=200 sections=13 Last modified 17 February 2026
140/164 SE     Sweden                             http=200 sections=13 Last modified 13 February 2026
141/164 CH     Switzerland                        http=200 sections=13 Last modified 6 January 2025
142/164 TW     Taiwan                             http=200 sections=13 Last modified 19 March 2026
143/164 TJ     Tajikistan                         http=200 sections=13 Last modified 27 January 2025
144/164 TZ     Tanzania                           http=200 sections=13 Last modified 24 March 2026
145/164 TH     Thailand                           http=200 sections=13 Last modified 14 February 2026
146/164 TO     Tonga                              http=200 sections=13 Last modified 15 February 2022
147/164 TT     Trinidad and Tobago                http=200 sections=13 Last modified 26 January 2023
148/164 TN     Tunisia                            http=200 sections=13 Last modified 12 February 2026
149/164 TR     Turkey                             http=200 sections=13 Last modified 27 January 2025
150/164 TM     Turkmenistan                       http=200 sections=13 Last modified 23 December 2022
151/164 AE4    UAE - Abu Dhabi Global Market Free http=200 sections=13 Last modified 9 January 2024
152/164 AE2    UAE - Dubai (DIFC)                 http=200 sections=13 Last modified 27 January 2025
153/164 AE3    UAE - Dubai Health Care City Free  http=200 sections=13 Last modified 27 January 2025
154/164 AE     UAE - General                      http=200 sections=13 Last modified 27 January 2025
155/164 UG     Uganda                             http=200 sections=13 Last modified 13 February 2026
156/164 UA     Ukraine                            http=200 sections=13 Last modified 27 January 2025
157/164 GB     United Kingdom                     http=200 sections=13 Last modified 24 February 2026
158/164 US     United States                      http=200 sections=13 Last modified 31 March 2026
159/164 UY     Uruguay                            http=200 sections=13 Last modified 6 March 2026
160/164 UZ     Uzbekistan                         http=200 sections=13 Last modified 27 January 2025
161/164 VE     Venezuela                          http=200 sections=13 Last modified 12 December 2022
162/164 VN     Vietnam                            http=200 sections=13 Last modified 15 February 2026
163/164 ZM     Zambia                             http=200 sections=13 Last modified 28 April 2026
164/164 ZW     Zimbabwe                           http=200 sections=13 Last modified 20 March 2026
DONE
